<html>
<body>
<pre>
<h1>礦ision Build Log</h1>
<h2>Tool Versions:</h2>
IDE-Version: μVision V5.29.0.0
Copyright (C) 2019 ARM Ltd and ARM Germany GmbH. All rights reserved.
License Information: Yang Yige, North China University of Technology, LIC=65ISZ-J1UVL-QDPKD-8QSKU-F68JH-D6Q8B
 
Tool Versions:
Toolchain:       MDK-ARM Plus  Version: 5.32.0.0
Toolchain Path:  D:\Keil_v5\ARM\ARMCC\Bin
C Compiler:      Armcc.exe V5.06 update 7 (build 960)
Assembler:       Armasm.exe V5.06 update 7 (build 960)
Linker/Locator:  ArmLink.exe V5.06 update 7 (build 960)
Library Manager: ArmAr.exe V5.06 update 7 (build 960)
Hex Converter:   FromElf.exe V5.06 update 7 (build 960)
CPU DLL:         SARMCM3.DLL V5.32.0.0
Dialog DLL:      DCM.DLL V1.17.3.0
Target DLL:      Segger\JL2CM3.dll V2.97.0.0
Dialog DLL:      TCM.DLL V1.46.0.0
 
<h2>Project:</h2>
D:\STM32\项目\舵机实验\USER\SERVO.uvprojx
Project File Date:  11/13/2020

<h2>Output:</h2>
*** Using Compiler 'V5.06 update 7 (build 960)', folder: 'D:\Keil_v5\ARM\ARMCC\Bin'
Rebuild target 'SERVO'
compiling delay.c...
compiling main.c...
..\HARDWARE\KEY\key.h(5): warning:  #1-D: last line of file ends without a newline
  #endif
main.c(17): warning:  #223-D: function "TIM2_PWM_Init" declared implicitly
   	TIM2_PWM_Init(10000-1,145-1);
main.c(18): warning:  #223-D: function "TIM3_PWM_Init" declared implicitly
  	TIM3_PWM_Init(10000-1,145-1);	
main.c(23): warning:  #223-D: function "TIM4_Int_Init" declared implicitly
  			TIM4_Int_Init(10000-1,8400-1);//定时器时钟84M，分频系数8400，所以84M/8400=10Khz的计数频率，计数5000次为500ms
main.c(32): warning:  #223-D: function "TIM4_Int_ShutDown" declared implicitly
  		TIM4_Int_ShutDown();
main.c: 5 warnings, 0 errors
compiling key.c...
..\HARDWARE\KEY\key.h(5): warning:  #1-D: last line of file ends without a newline
  #endif
..\HARDWARE\KEY\key.c: 1 warning, 0 errors
compiling servo.c...
compiling led.c...
..\HARDWARE\LED\led.c(12): warning:  #1-D: last line of file ends without a newline
  }
..\HARDWARE\LED\led.c: 1 warning, 0 errors
compiling timer.c...
..\HARDWARE\TIMER\timer.c(53): warning:  #177-D: variable "TIM_TimeBaseInitStructure"  was declared but never referenced
  	TIM_TimeBaseInitTypeDef TIM_TimeBaseInitStructure;
..\HARDWARE\TIMER\timer.c(54): warning:  #550-D: variable "NVIC_InitStructure"  was set but never used
  	NVIC_InitTypeDef NVIC_InitStructure;
..\HARDWARE\TIMER\timer.c: 2 warnings, 0 errors
compiling stm32f4xx_it.c...
compiling system_stm32f4xx.c...
assembling startup_stm32f40_41xxx.s...
compiling sys.c...
compiling stm32f4xx_gpio.c...
compiling misc.c...
compiling stm32f4xx_syscfg.c...
compiling usart.c...
..\SYSTEM\usart\usart.c(50): warning:  #940-D: missing return statement at end of non-void function "_sys_exit" 
  } 
..\SYSTEM\usart\usart.c: 1 warning, 0 errors
compiling stm32f4xx_rcc.c...
compiling stm32f4xx_usart.c...
compiling stm32f4xx_tim.c...
linking...
Program Size: Code=9176 RO-data=424 RW-data=56 ZI-data=1832  
FromELF: creating hex file...
"..\OBJ\SERVO.axf" - 0 Error(s), 10 Warning(s).

<h2>Software Packages used:</h2>

Package Vendor: Keil
                http://www.keil.com/pack/Keil.STM32F4xx_DFP.2.13.0.pack
                Keil.STM32F4xx_DFP.2.13.0
                STMicroelectronics STM32F4 Series Device Support, Drivers and Examples

<h2>Collection of Component include folders:</h2>
  .\RTE\_SERVO
  C:\Users\yangy\AppData\Local\Arm\Packs\Keil\STM32F4xx_DFP\2.13.0\Drivers\CMSIS\Device\ST\STM32F4xx\Include

<h2>Collection of Component Files used:</h2>
Build Time Elapsed:  00:00:03
</pre>
</body>
</html>
